[     137ms] [INFO] %cDownload the React DevTools for a better development experience: https://react.dev/link/react-devtools font-weight:bold @ http://localhost:3000/_next/static/chunks/node_modules_next_dist_1ybzpk2._.js:2477
[     154ms] [LOG] [HMR] connected @ http://localhost:3000/_next/static/chunks/node_modules_next_dist_1ybzpk2._.js:2477
[     226ms] [WARNING] Image with src "http://localhost:3000/logo.svg" has either width or height modified, but not the other. If you use CSS to change the size of your image, also include the styles 'width: "auto"' or 'height: "auto"' to maintain the aspect ratio. @ http://localhost:3000/_next/static/chunks/node_modules_next_dist_1ybzpk2._.js:2477
[     247ms] [LOG] %c[Vercel Web Analytics]%c Debug mode is enabled by default in development. No requests will be sent to the server. color: rgb(120, 120, 120) color: inherit @ http://localhost:3000/_next/static/chunks/node_modules_next_dist_1ybzpk2._.js:2477
[     248ms] [LOG] %c[Vercel Web Analytics]%c Running queued event color: rgb(120, 120, 120) color: inherit pageview {route: /, path: /} @ http://localhost:3000/_next/static/chunks/node_modules_next_dist_1ybzpk2._.js:2477
[     248ms] [LOG] %c[Vercel Web Analytics]%c [view] http://localhost:3000/ color: rgb(120, 120, 120) color: inherit {o: http://localhost:3000/, sv: 0.1.3, sdkn: @vercel/analytics/next, sdkv: 2.0.1, ts: 1784949607963} /_vercel/insights/view @ http://localhost:3000/_next/static/chunks/node_modules_next_dist_1ybzpk2._.js:2477
[     248ms] [LOG] %c[Vercel Speed Insights]%c Debug mode is enabled by default in development. No requests will be sent to the server. color: rgb(120, 120, 120) color: inherit @ http://localhost:3000/_next/static/chunks/node_modules_next_dist_1ybzpk2._.js:2477
[     283ms] [LOG] [Fast Refresh] rebuilding @ http://localhost:3000/_next/static/chunks/node_modules_next_dist_1ybzpk2._.js:2477
[     285ms] [WARNING] Clerk: Clerk has been loaded with development keys. Development instances have strict usage limits and should not be used when deploying your application to production. Learn more: https://clerk.com/docs/deployments/overview @ http://localhost:3000/_next/static/chunks/node_modules_next_dist_1ybzpk2._.js:2477
[     337ms] [LOG] [Fast Refresh] done in 169ms @ http://localhost:3000/_next/static/chunks/node_modules_next_dist_1ybzpk2._.js:2477
[     441ms] [LOG] [Fast Refresh] rebuilding @ http://localhost:3000/_next/static/chunks/node_modules_next_dist_1ybzpk2._.js:2477
[     506ms] [LOG] [Fast Refresh] done in 170ms @ http://localhost:3000/_next/static/chunks/node_modules_next_dist_1ybzpk2._.js:2477
[    3584ms] [WARNING] The resource https://enjoyed-mudfish-95.clerk.accounts.dev/npm/@clerk/ui@1/dist/ui.browser.js was preloaded using link preload but not used within a few seconds from the window's load event. Please make sure it has an appropriate `as` value and it is preloaded intentionally. @ http://localhost:3000/:0
[   12004ms] [LOG] [Fast Refresh] rebuilding @ http://localhost:3000/_next/static/chunks/node_modules_next_dist_1ybzpk2._.js:2477
[   12050ms] [LOG] [Fast Refresh] done in 156ms @ http://localhost:3000/_next/static/chunks/node_modules_next_dist_1ybzpk2._.js:2477
[ 1913946ms] [LOG] [Fast Refresh] rebuilding @ http://localhost:3000/_next/static/chunks/node_modules_next_dist_1ybzpk2._.js:2477
[ 1914014ms] [LOG] [Fast Refresh] done in 175ms @ http://localhost:3000/_next/static/chunks/node_modules_next_dist_1ybzpk2._.js:2477
[ 2062643ms] [LOG] [Fast Refresh] rebuilding @ http://localhost:3000/_next/static/chunks/node_modules_next_dist_1ybzpk2._.js:2477
[ 2063502ms] [WARNING] [HMR] Invalid message: {"isTrusted":true}
TypeError: Cannot convert undefined or null to object
    at Object.keys (<anonymous>)
    at extractModulesFromTurbopackMessage (http://localhost:3000/_next/static/chunks/node_modules_next_dist_client_0r5nbpw._.js:13754:39)
    at TurbopackHmr.onTurbopackMessage (http://localhost:3000/_next/static/chunks/node_modules_next_dist_client_0r5nbpw._.js:13701:32)
    at processMessage (http://localhost:3000/_next/static/chunks/node_modules_next_dist_client_0r5nbpw._.js:14059:30)
    at WebSocket.handleMessage (http://localhost:3000/_next/static/chunks/node_modules_next_dist_client_0r5nbpw._.js:13458:52) @ http://localhost:3000/_next/static/chunks/node_modules_next_dist_1ybzpk2._.js:2477
[ 2063503ms] [LOG] [Fast Refresh] done in 971ms @ http://localhost:3000/_next/static/chunks/node_modules_next_dist_1ybzpk2._.js:2477
[ 2063690ms] [LOG] [Fast Refresh] rebuilding @ http://localhost:3000/_next/static/chunks/node_modules_next_dist_1ybzpk2._.js:2477
[ 2063747ms] [LOG] [Fast Refresh] done in 161ms @ http://localhost:3000/_next/static/chunks/node_modules_next_dist_1ybzpk2._.js:2477
[ 2063869ms] [LOG] [Fast Refresh] rebuilding @ http://localhost:3000/_next/static/chunks/node_modules_next_dist_1ybzpk2._.js:2477
[ 2063941ms] [LOG] [Fast Refresh] done in 175ms @ http://localhost:3000/_next/static/chunks/node_modules_next_dist_1ybzpk2._.js:2477
[ 2064042ms] [LOG] [Fast Refresh] rebuilding @ http://localhost:3000/_next/static/chunks/node_modules_next_dist_1ybzpk2._.js:2477
[ 2064083ms] [LOG] [Fast Refresh] done in 141ms @ http://localhost:3000/_next/static/chunks/node_modules_next_dist_1ybzpk2._.js:2477
[ 2067376ms] [WARNING] The resource https://enjoyed-mudfish-95.clerk.accounts.dev/npm/@clerk/ui@1/dist/ui.browser.js was preloaded using link preload but not used within a few seconds from the window's load event. Please make sure it has an appropriate `as` value and it is preloaded intentionally. @ http://localhost:3000/:0
[ 2080330ms] [LOG] [Fast Refresh] rebuilding @ http://localhost:3000/_next/static/chunks/node_modules_next_dist_1ybzpk2._.js:2477
[ 2080557ms] [WARNING] [Fast Refresh] performing full reload

Fast Refresh will perform a full reload when you edit a file that's imported by modules outside of the React rendering tree.
You might have a file which exports a React component but also exports a value that is imported by a non-React component file.
Consider migrating the non-React component export to a separate file and importing it into both files.

It is also possible the parent component of the component you edited is a class component, which disables Fast Refresh.
Fast Refresh requires at least one parent function component in your React tree. @ http://localhost:3000/_next/static/chunks/node_modules_next_dist_1ybzpk2._.js:2477
[ 2080772ms] [LOG] [Fast Refresh] done in 327ms @ http://localhost:3000/_next/static/chunks/node_modules_next_dist_1ybzpk2._.js:2477
[ 2080999ms] [LOG] [Fast Refresh] rebuilding @ http://localhost:3000/_next/static/chunks/node_modules_next_dist_1ybzpk2._.js:2477
[ 2081514ms] [LOG] [Fast Refresh] done in 621ms @ http://localhost:3000/_next/static/chunks/node_modules_next_dist_1ybzpk2._.js:2477
[ 2081563ms] [ERROR] Failed to load resource: the server responded with a status of 500 (Internal Server Error) @ http://localhost:3000/:0
[ 2081654ms] [INFO] %cDownload the React DevTools for a better development experience: https://react.dev/link/react-devtools font-weight:bold @ http://localhost:3000/_next/static/chunks/node_modules_next_dist_1ybzpk2._.js:2477
[ 2081684ms] [LOG] [HMR] connected @ http://localhost:3000/_next/static/chunks/node_modules_next_dist_1ybzpk2._.js:2477
[ 2081716ms] [ERROR] Encountered a script tag while rendering React component. Scripts inside React components are never executed when rendering on the client. Consider using template tag instead (https://developer.mozilla.org/en-US/docs/Web/HTML/Element/template). @ http://localhost:3000/_next/static/chunks/node_modules_next_dist_1ybzpk2._.js:3318
[ 2081742ms] Error: Element type is invalid: expected a string (for built-in components) or a class/function (for composite components) but got: undefined. You likely forgot to export your component from the file it's defined in, or you might have mixed up default and named imports.

Check the render method of `HomePage`.
    at createFiberFromTypeAndProps (http://localhost:3000/_next/static/chunks/node_modules_next_dist_compiled_react-dom_096_9a-._.js:3167:32)
    at createFiberFromElement (http://localhost:3000/_next/static/chunks/node_modules_next_dist_compiled_react-dom_096_9a-._.js:3178:16)
    at createChild (http://localhost:3000/_next/static/chunks/node_modules_next_dist_compiled_react-dom_096_9a-._.js:4016:40)
    at createChild (http://localhost:3000/_next/static/chunks/node_modules_next_dist_compiled_react-dom_096_9a-._.js:4022:39)
    at reconcileChildrenArray (http://localhost:3000/_next/static/chunks/node_modules_next_dist_compiled_react-dom_096_9a-._.js:4129:72)
    at reconcileChildFibersImpl (http://localhost:3000/_next/static/chunks/node_modules_next_dist_compiled_react-dom_096_9a-._.js:4236:51)
    at http://localhost:3000/_next/static/chunks/node_modules_next_dist_compiled_react-dom_096_9a-._.js:4261:39
    at reconcileChildren (http://localhost:3000/_next/static/chunks/node_modules_next_dist_compiled_react-dom_096_9a-._.js:5898:51)
    at beginWork (http://localhost:3000/_next/static/chunks/node_modules_next_dist_compiled_react-dom_096_9a-._.js:6758:1573)
    at runWithFiberInDEV (http://localhost:3000/_next/static/chunks/node_modules_next_dist_compiled_react-dom_096_9a-._.js:965:74)
    at performUnitOfWork (http://localhost:3000/_next/static/chunks/node_modules_next_dist_compiled_react-dom_096_9a-._.js:9555:97)
    at workLoopSync (http://localhost:3000/_next/static/chunks/node_modules_next_dist_compiled_react-dom_096_9a-._.js:9449:40)
    at renderRootSync (http://localhost:3000/_next/static/chunks/node_modules_next_dist_compiled_react-dom_096_9a-._.js:9433:13)
    at performWorkOnRoot (http://localhost:3000/_next/static/chunks/node_modules_next_dist_compiled_react-dom_096_9a-._.js:9098:47)
    at performWorkOnRootViaSchedulerTask (http://localhost:3000/_next/static/chunks/node_modules_next_dist_compiled_react-dom_096_9a-._.js:10255:9)
    at MessagePort.performWorkUntilDeadline (http://localhost:3000/_next/static/chunks/node_modules_next_dist_compiled_1amofcm._.js:2647:64)
[ 2082216ms] [WARNING] Clerk: Clerk has been loaded with development keys. Development instances have strict usage limits and should not be used when deploying your application to production. Learn more: https://clerk.com/docs/deployments/overview @ http://localhost:3000/_next/static/chunks/node_modules_next_dist_1ybzpk2._.js:2477
[ 2082466ms] [LOG] [Fast Refresh] rebuilding @ http://localhost:3000/_next/static/chunks/node_modules_next_dist_1ybzpk2._.js:2477
[ 2082467ms] [LOG] [Fast Refresh] done in 111ms @ http://localhost:3000/_next/static/chunks/node_modules_next_dist_1ybzpk2._.js:2477
[ 2085230ms] [LOG] [Fast Refresh] rebuilding @ http://localhost:3000/_next/static/chunks/node_modules_next_dist_1ybzpk2._.js:2477
[ 2085450ms] [ERROR] ./app/page.tsx:1:1
Export default doesn't exist in target module
> 1 | import LandingHeader from "@/app/_components/LandingHeader";
    | ^^^^^^^^^^^^^^^^^^^^^^^^^^^^^^^^^^^^^^^^^^^^^^^^^^^^^^^^^^^
  2 | import { LandingAbout } from "@/app/_components/LandingAbout";
  3 | import { LandingCtaBanner } from "@/app/_components/LandingCtaBanner";
  4 | import { LandingEvents } from "@/app/_components/LandingEvents";

The export default was not found in module [project]/app/_components/LandingHeader/index.ts [app-rsc] (ecmascript).
Did you mean to import LandingHeader?
All exports of the module are statically known (It doesn't have dynamic exports). So it's known statically that the requested export doesn't exist. @ http://localhost:3000/_next/static/chunks/node_modules_next_dist_1ybzpk2._.js:3318
[ 2085527ms] [ERROR] ./app/page.tsx:1:1
Export default doesn't exist in target module
> 1 | import LandingHeader from "@/app/_components/LandingHeader";
    | ^^^^^^^^^^^^^^^^^^^^^^^^^^^^^^^^^^^^^^^^^^^^^^^^^^^^^^^^^^^
  2 | import { LandingAbout } from "@/app/_components/LandingAbout";
  3 | import { LandingCtaBanner } from "@/app/_components/LandingCtaBanner";
  4 | import { LandingEvents } from "@/app/_components/LandingEvents";

The export default was not found in module [project]/app/_components/LandingHeader/index.ts [app-rsc] (ecmascript).
Did you mean to import LandingHeader?
All exports of the module are statically known (It doesn't have dynamic exports). So it's known statically that the requested export doesn't exist. @ http://localhost:3000/_next/static/chunks/node_modules_next_dist_1ybzpk2._.js:3318
[ 2085658ms] [LOG] [Fast Refresh] rebuilding @ http://localhost:3000/_next/static/chunks/node_modules_next_dist_1ybzpk2._.js:2477
[ 2085659ms] [ERROR] ./app/page.tsx:1:1
Export default doesn't exist in target module
> 1 | import LandingHeader from "@/app/_components/LandingHeader";
    | ^^^^^^^^^^^^^^^^^^^^^^^^^^^^^^^^^^^^^^^^^^^^^^^^^^^^^^^^^^^
  2 | import { LandingAbout } from "@/app/_components/LandingAbout";
  3 | import { LandingCtaBanner } from "@/app/_components/LandingCtaBanner";
  4 | import { LandingEvents } from "@/app/_components/LandingEvents";

The export default was not found in module [project]/app/_components/LandingHeader/index.ts [app-rsc] (ecmascript).
Did you mean to import LandingHeader?
All exports of the module are statically known (It doesn't have dynamic exports). So it's known statically that the requested export doesn't exist. @ http://localhost:3000/_next/static/chunks/node_modules_next_dist_1ybzpk2._.js:3318
[ 2085706ms] [ERROR] Failed to load resource: the server responded with a status of 500 (Internal Server Error) @ http://localhost:3000/:0
[ 2085828ms] [INFO] %cDownload the React DevTools for a better development experience: https://react.dev/link/react-devtools font-weight:bold @ http://localhost:3000/_next/static/chunks/node_modules_react-dom_0kla17-._.js:15305
[ 2085886ms] Error: ./app/page.tsx:1:1
Export default doesn't exist in target module
> 1 | import LandingHeader from "@/app/_components/LandingHeader";
    | ^^^^^^^^^^^^^^^^^^^^^^^^^^^^^^^^^^^^^^^^^^^^^^^^^^^^^^^^^^^
  2 | import { LandingAbout } from "@/app/_components/LandingAbout";
  3 | import { LandingCtaBanner } from "@/app/_components/LandingCtaBanner";
  4 | import { LandingEvents } from "@/app/_components/LandingEvents";

The export default was not found in module [project]/app/_components/LandingHeader/index.ts [app-rsc] (ecmascript).
Did you mean to import LandingHeader?
All exports of the module are statically known (It doesn't have dynamic exports). So it's known statically that the requested export doesn't exist.


    at <unknown> (Error: ./app/page.tsx:1:1)
    at Object.getCompilationErrors (file://C:\Users\Nico\Desktop\play-padel\node_modules\next\dist\server\dev\hot-reloader-turbopack.js:1186:59)
    at DevBundlerService.getCompilationError (file://C:\Users\Nico\Desktop\play-padel\node_modules\next\dist\server\lib\dev-bundler-service.js:44:55)
    at DevServer.getCompilationError (file://C:\Users\Nico\Desktop\play-padel\node_modules\next\dist\server\dev\next-dev-server.js:720:42)
    at DevServer.findPageComponents (file://C:\Users\Nico\Desktop\play-padel\node_modules\next\dist\server\dev\next-dev-server.js:690:43)
    at async DevServer.renderErrorToResponseImpl (file://C:\Users\Nico\Desktop\play-padel\node_modules\next\dist\server\base-server.js:1753:26)
[ 2085887ms] [LOG] [HMR] connected @ http://localhost:3000/_next/static/chunks/node_modules_next_dist_1gdrd03._.js:1226
[ 2085891ms] [ERROR] ./app/page.tsx:1:1
Export default doesn't exist in target module
> 1 | import LandingHeader from "@/app/_components/LandingHeader";
    | ^^^^^^^^^^^^^^^^^^^^^^^^^^^^^^^^^^^^^^^^^^^^^^^^^^^^^^^^^^^
  2 | import { LandingAbout } from "@/app/_components/LandingAbout";
  3 | import { LandingCtaBanner } from "@/app/_components/LandingCtaBanner";
  4 | import { LandingEvents } from "@/app/_components/LandingEvents";

The export default was not found in module [project]/app/_components/LandingHeader/index.ts [app-rsc] (ecmascript).
Did you mean to import LandingHeader?
All exports of the module are statically known (It doesn't have dynamic exports). So it's known statically that the requested export doesn't exist. @ http://localhost:3000/_next/static/chunks/node_modules_next_dist_1gdrd03._.js:1945
[ 2085895ms] [ERROR] ./app/page.tsx:1:1
Export default doesn't exist in target module
> 1 | import LandingHeader from "@/app/_components/LandingHeader";
    | ^^^^^^^^^^^^^^^^^^^^^^^^^^^^^^^^^^^^^^^^^^^^^^^^^^^^^^^^^^^
  2 | import { LandingAbout } from "@/app/_components/LandingAbout";
  3 | import { LandingCtaBanner } from "@/app/_components/LandingCtaBanner";
  4 | import { LandingEvents } from "@/app/_components/LandingEvents";

The export default was not found in module [project]/app/_components/LandingHeader/index.ts [app-rsc] (ecmascript).
Did you mean to import LandingHeader?
All exports of the module are statically known (It doesn't have dynamic exports). So it's known statically that the requested export doesn't exist. @ http://localhost:3000/_next/static/chunks/node_modules_next_dist_1gdrd03._.js:1945
[ 2085947ms] [ERROR] ./app/page.tsx:1:1
Export default doesn't exist in target module
> 1 | import LandingHeader from "@/app/_components/LandingHeader";
    | ^^^^^^^^^^^^^^^^^^^^^^^^^^^^^^^^^^^^^^^^^^^^^^^^^^^^^^^^^^^
  2 | import { LandingAbout } from "@/app/_components/LandingAbout";
  3 | import { LandingCtaBanner } from "@/app/_components/LandingCtaBanner";
  4 | import { LandingEvents } from "@/app/_components/LandingEvents";

The export default was not found in module [project]/app/_components/LandingHeader/index.ts [app-rsc] (ecmascript).
Did you mean to import LandingHeader?
All exports of the module are statically known (It doesn't have dynamic exports). So it's known statically that the requested export doesn't exist. @ http://localhost:3000/_next/static/chunks/node_modules_next_dist_1gdrd03._.js:1945
[ 2086007ms] [ERROR] ./app/page.tsx:1:1
Export default doesn't exist in target module
> 1 | import LandingHeader from "@/app/_components/LandingHeader";
    | ^^^^^^^^^^^^^^^^^^^^^^^^^^^^^^^^^^^^^^^^^^^^^^^^^^^^^^^^^^^
  2 | import { LandingAbout } from "@/app/_components/LandingAbout";
  3 | import { LandingCtaBanner } from "@/app/_components/LandingCtaBanner";
  4 | import { LandingEvents } from "@/app/_components/LandingEvents";

The export default was not found in module [project]/app/_components/LandingHeader/index.ts [app-rsc] (ecmascript).
Did you mean to import LandingHeader?
All exports of the module are statically known (It doesn't have dynamic exports). So it's known statically that the requested export doesn't exist. @ http://localhost:3000/_next/static/chunks/node_modules_next_dist_1gdrd03._.js:1945
[ 2086070ms] [ERROR] ./app/page.tsx:1:1
Export default doesn't exist in target module
> 1 | import LandingHeader from "@/app/_components/LandingHeader";
    | ^^^^^^^^^^^^^^^^^^^^^^^^^^^^^^^^^^^^^^^^^^^^^^^^^^^^^^^^^^^
  2 | import { LandingAbout } from "@/app/_components/LandingAbout";
  3 | import { LandingCtaBanner } from "@/app/_components/LandingCtaBanner";
  4 | import { LandingEvents } from "@/app/_components/LandingEvents";

The export default was not found in module [project]/app/_components/LandingHeader/index.ts [app-rsc] (ecmascript).
Did you mean to import LandingHeader?
All exports of the module are statically known (It doesn't have dynamic exports). So it's known statically that the requested export doesn't exist. @ http://localhost:3000/_next/static/chunks/node_modules_next_dist_1gdrd03._.js:1945
[ 2086147ms] [ERROR] ./app/page.tsx:1:1
Export default doesn't exist in target module
> 1 | import LandingHeader from "@/app/_components/LandingHeader";
    | ^^^^^^^^^^^^^^^^^^^^^^^^^^^^^^^^^^^^^^^^^^^^^^^^^^^^^^^^^^^
  2 | import { LandingAbout } from "@/app/_components/LandingAbout";
  3 | import { LandingCtaBanner } from "@/app/_components/LandingCtaBanner";
  4 | import { LandingEvents } from "@/app/_components/LandingEvents";

The export default was not found in module [project]/app/_components/LandingHeader/index.ts [app-rsc] (ecmascript).
Did you mean to import LandingHeader?
All exports of the module are statically known (It doesn't have dynamic exports). So it's known statically that the requested export doesn't exist. @ http://localhost:3000/_next/static/chunks/node_modules_next_dist_1gdrd03._.js:1945
[ 2086226ms] [ERROR] ./app/page.tsx:1:1
Export default doesn't exist in target module
> 1 | import LandingHeader from "@/app/_components/LandingHeader";
    | ^^^^^^^^^^^^^^^^^^^^^^^^^^^^^^^^^^^^^^^^^^^^^^^^^^^^^^^^^^^
  2 | import { LandingAbout } from "@/app/_components/LandingAbout";
  3 | import { LandingCtaBanner } from "@/app/_components/LandingCtaBanner";
  4 | import { LandingEvents } from "@/app/_components/LandingEvents";

The export default was not found in module [project]/app/_components/LandingHeader/index.ts [app-rsc] (ecmascript).
Did you mean to import LandingHeader?
All exports of the module are statically known (It doesn't have dynamic exports). So it's known statically that the requested export doesn't exist. @ http://localhost:3000/_next/static/chunks/node_modules_next_dist_1gdrd03._.js:1945
[ 2086304ms] [ERROR] ./app/page.tsx:1:1
Export default doesn't exist in target module
> 1 | import LandingHeader from "@/app/_components/LandingHeader";
    | ^^^^^^^^^^^^^^^^^^^^^^^^^^^^^^^^^^^^^^^^^^^^^^^^^^^^^^^^^^^
  2 | import { LandingAbout } from "@/app/_components/LandingAbout";
  3 | import { LandingCtaBanner } from "@/app/_components/LandingCtaBanner";
  4 | import { LandingEvents } from "@/app/_components/LandingEvents";

The export default was not found in module [project]/app/_components/LandingHeader/index.ts [app-rsc] (ecmascript).
Did you mean to import LandingHeader?
All exports of the module are statically known (It doesn't have dynamic exports). So it's known statically that the requested export doesn't exist. @ http://localhost:3000/_next/static/chunks/node_modules_next_dist_1gdrd03._.js:1945
[ 2086337ms] [LOG] [Fast Refresh] rebuilding @ http://localhost:3000/_next/static/chunks/node_modules_next_dist_1gdrd03._.js:1226
[ 2086430ms] [ERROR] ./app/page.tsx:1:1
Export default doesn't exist in target module
> 1 | import LandingHeader from "@/app/_components/LandingHeader";
    | ^^^^^^^^^^^^^^^^^^^^^^^^^^^^^^^^^^^^^^^^^^^^^^^^^^^^^^^^^^^
  2 | import { LandingAbout } from "@/app/_components/LandingAbout";
  3 | import { LandingCtaBanner } from "@/app/_components/LandingCtaBanner";
  4 | import { LandingEvents } from "@/app/_components/LandingEvents";

The export default was not found in module [project]/app/_components/LandingHeader/index.ts [app-rsc] (ecmascript).
Did you mean to import LandingHeader?
All exports of the module are statically known (It doesn't have dynamic exports). So it's known statically that the requested export doesn't exist. @ http://localhost:3000/_next/static/chunks/node_modules_next_dist_1gdrd03._.js:1945
[ 2086492ms] [ERROR] ./app/page.tsx:1:1
Export default doesn't exist in target module
> 1 | import LandingHeader from "@/app/_components/LandingHeader";
    | ^^^^^^^^^^^^^^^^^^^^^^^^^^^^^^^^^^^^^^^^^^^^^^^^^^^^^^^^^^^
  2 | import { LandingAbout } from "@/app/_components/LandingAbout";
  3 | import { LandingCtaBanner } from "@/app/_components/LandingCtaBanner";
  4 | import { LandingEvents } from "@/app/_components/LandingEvents";

The export default was not found in module [project]/app/_components/LandingHeader/index.ts [app-rsc] (ecmascript).
Did you mean to import LandingHeader?
All exports of the module are statically known (It doesn't have dynamic exports). So it's known statically that the requested export doesn't exist. @ http://localhost:3000/_next/static/chunks/node_modules_next_dist_1gdrd03._.js:1945
[ 2086569ms] [ERROR] ./app/page.tsx:1:1
Export default doesn't exist in target module
> 1 | import LandingHeader from "@/app/_components/LandingHeader";
    | ^^^^^^^^^^^^^^^^^^^^^^^^^^^^^^^^^^^^^^^^^^^^^^^^^^^^^^^^^^^
  2 | import { LandingAbout } from "@/app/_components/LandingAbout";
  3 | import { LandingCtaBanner } from "@/app/_components/LandingCtaBanner";
  4 | import { LandingEvents } from "@/app/_components/LandingEvents";

The export default was not found in module [project]/app/_components/LandingHeader/index.ts [app-rsc] (ecmascript).
Did you mean to import LandingHeader?
All exports of the module are statically known (It doesn't have dynamic exports). So it's known statically that the requested export doesn't exist. @ http://localhost:3000/_next/static/chunks/node_modules_next_dist_1gdrd03._.js:1945
[ 2086631ms] [ERROR] ./app/page.tsx:1:1
Export default doesn't exist in target module
> 1 | import LandingHeader from "@/app/_components/LandingHeader";
    | ^^^^^^^^^^^^^^^^^^^^^^^^^^^^^^^^^^^^^^^^^^^^^^^^^^^^^^^^^^^
  2 | import { LandingAbout } from "@/app/_components/LandingAbout";
  3 | import { LandingCtaBanner } from "@/app/_components/LandingCtaBanner";
  4 | import { LandingEvents } from "@/app/_components/LandingEvents";

The export default was not found in module [project]/app/_components/LandingHeader/index.ts [app-rsc] (ecmascript).
Did you mean to import LandingHeader?
All exports of the module are statically known (It doesn't have dynamic exports). So it's known statically that the requested export doesn't exist. @ http://localhost:3000/_next/static/chunks/node_modules_next_dist_1gdrd03._.js:1945
[ 2086695ms] [ERROR] ./app/page.tsx:1:1
Export default doesn't exist in target module
> 1 | import LandingHeader from "@/app/_components/LandingHeader";
    | ^^^^^^^^^^^^^^^^^^^^^^^^^^^^^^^^^^^^^^^^^^^^^^^^^^^^^^^^^^^
  2 | import { LandingAbout } from "@/app/_components/LandingAbout";
  3 | import { LandingCtaBanner } from "@/app/_components/LandingCtaBanner";
  4 | import { LandingEvents } from "@/app/_components/LandingEvents";

The export default was not found in module [project]/app/_components/LandingHeader/index.ts [app-rsc] (ecmascript).
Did you mean to import LandingHeader?
All exports of the module are statically known (It doesn't have dynamic exports). So it's known statically that the requested export doesn't exist. @ http://localhost:3000/_next/static/chunks/node_modules_next_dist_1gdrd03._.js:1945
[ 2086760ms] [ERROR] ./app/page.tsx:1:1
Export default doesn't exist in target module
> 1 | import LandingHeader from "@/app/_components/LandingHeader";
    | ^^^^^^^^^^^^^^^^^^^^^^^^^^^^^^^^^^^^^^^^^^^^^^^^^^^^^^^^^^^
  2 | import { LandingAbout } from "@/app/_components/LandingAbout";
  3 | import { LandingCtaBanner } from "@/app/_components/LandingCtaBanner";
  4 | import { LandingEvents } from "@/app/_components/LandingEvents";

The export default was not found in module [project]/app/_components/LandingHeader/index.ts [app-rsc] (ecmascript).
Did you mean to import LandingHeader?
All exports of the module are statically known (It doesn't have dynamic exports). So it's known statically that the requested export doesn't exist. @ http://localhost:3000/_next/static/chunks/node_modules_next_dist_1gdrd03._.js:1945
[ 2086821ms] [ERROR] ./app/page.tsx:1:1
Export default doesn't exist in target module
> 1 | import LandingHeader from "@/app/_components/LandingHeader";
    | ^^^^^^^^^^^^^^^^^^^^^^^^^^^^^^^^^^^^^^^^^^^^^^^^^^^^^^^^^^^
  2 | import { LandingAbout } from "@/app/_components/LandingAbout";
  3 | import { LandingCtaBanner } from "@/app/_components/LandingCtaBanner";
  4 | import { LandingEvents } from "@/app/_components/LandingEvents";

The export default was not found in module [project]/app/_components/LandingHeader/index.ts [app-rsc] (ecmascript).
Did you mean to import LandingHeader?
All exports of the module are statically known (It doesn't have dynamic exports). So it's known statically that the requested export doesn't exist. @ http://localhost:3000/_next/static/chunks/node_modules_next_dist_1gdrd03._.js:1945
[ 2086882ms] [ERROR] ./app/page.tsx:1:1
Export default doesn't exist in target module
> 1 | import LandingHeader from "@/app/_components/LandingHeader";
    | ^^^^^^^^^^^^^^^^^^^^^^^^^^^^^^^^^^^^^^^^^^^^^^^^^^^^^^^^^^^
  2 | import { LandingAbout } from "@/app/_components/LandingAbout";
  3 | import { LandingCtaBanner } from "@/app/_components/LandingCtaBanner";
  4 | import { LandingEvents } from "@/app/_components/LandingEvents";

The export default was not found in module [project]/app/_components/LandingHeader/index.ts [app-rsc] (ecmascript).
Did you mean to import LandingHeader?
All exports of the module are statically known (It doesn't have dynamic exports). So it's known statically that the requested export doesn't exist. @ http://localhost:3000/_next/static/chunks/node_modules_next_dist_1gdrd03._.js:1945
[ 2086945ms] [ERROR] ./app/page.tsx:1:1
Export default doesn't exist in target module
> 1 | import LandingHeader from "@/app/_components/LandingHeader";
    | ^^^^^^^^^^^^^^^^^^^^^^^^^^^^^^^^^^^^^^^^^^^^^^^^^^^^^^^^^^^
  2 | import { LandingAbout } from "@/app/_components/LandingAbout";
  3 | import { LandingCtaBanner } from "@/app/_components/LandingCtaBanner";
  4 | import { LandingEvents } from "@/app/_components/LandingEvents";

The export default was not found in module [project]/app/_components/LandingHeader/index.ts [app-rsc] (ecmascript).
Did you mean to import LandingHeader?
All exports of the module are statically known (It doesn't have dynamic exports). So it's known statically that the requested export doesn't exist. @ http://localhost:3000/_next/static/chunks/node_modules_next_dist_1gdrd03._.js:1945
[ 2087007ms] [ERROR] ./app/page.tsx:1:1
Export default doesn't exist in target module
> 1 | import LandingHeader from "@/app/_components/LandingHeader";
    | ^^^^^^^^^^^^^^^^^^^^^^^^^^^^^^^^^^^^^^^^^^^^^^^^^^^^^^^^^^^
  2 | import { LandingAbout } from "@/app/_components/LandingAbout";
  3 | import { LandingCtaBanner } from "@/app/_components/LandingCtaBanner";
  4 | import { LandingEvents } from "@/app/_components/LandingEvents";

The export default was not found in module [project]/app/_components/LandingHeader/index.ts [app-rsc] (ecmascript).
Did you mean to import LandingHeader?
All exports of the module are statically known (It doesn't have dynamic exports). So it's known statically that the requested export doesn't exist. @ http://localhost:3000/_next/static/chunks/node_modules_next_dist_1gdrd03._.js:1945
[ 2087069ms] [ERROR] ./app/page.tsx:1:1
Export default doesn't exist in target module
> 1 | import LandingHeader from "@/app/_components/LandingHeader";
    | ^^^^^^^^^^^^^^^^^^^^^^^^^^^^^^^^^^^^^^^^^^^^^^^^^^^^^^^^^^^
  2 | import { LandingAbout } from "@/app/_components/LandingAbout";
  3 | import { LandingCtaBanner } from "@/app/_components/LandingCtaBanner";
  4 | import { LandingEvents } from "@/app/_components/LandingEvents";

The export default was not found in module [project]/app/_components/LandingHeader/index.ts [app-rsc] (ecmascript).
Did you mean to import LandingHeader?
All exports of the module are statically known (It doesn't have dynamic exports). So it's known statically that the requested export doesn't exist. @ http://localhost:3000/_next/static/chunks/node_modules_next_dist_1gdrd03._.js:1945
[ 2087130ms] [ERROR] ./app/page.tsx:1:1
Export default doesn't exist in target module
> 1 | import LandingHeader from "@/app/_components/LandingHeader";
    | ^^^^^^^^^^^^^^^^^^^^^^^^^^^^^^^^^^^^^^^^^^^^^^^^^^^^^^^^^^^
  2 | import { LandingAbout } from "@/app/_components/LandingAbout";
  3 | import { LandingCtaBanner } from "@/app/_components/LandingCtaBanner";
  4 | import { LandingEvents } from "@/app/_components/LandingEvents";

The export default was not found in module [project]/app/_components/LandingHeader/index.ts [app-rsc] (ecmascript).
Did you mean to import LandingHeader?
All exports of the module are statically known (It doesn't have dynamic exports). So it's known statically that the requested export doesn't exist. @ http://localhost:3000/_next/static/chunks/node_modules_next_dist_1gdrd03._.js:1945
[ 2087198ms] [ERROR] ./app/page.tsx:1:1
Export default doesn't exist in target module
> 1 | import LandingHeader from "@/app/_components/LandingHeader";
    | ^^^^^^^^^^^^^^^^^^^^^^^^^^^^^^^^^^^^^^^^^^^^^^^^^^^^^^^^^^^
  2 | import { LandingAbout } from "@/app/_components/LandingAbout";
  3 | import { LandingCtaBanner } from "@/app/_components/LandingCtaBanner";
  4 | import { LandingEvents } from "@/app/_components/LandingEvents";

The export default was not found in module [project]/app/_components/LandingHeader/index.ts [app-rsc] (ecmascript).
Did you mean to import LandingHeader?
All exports of the module are statically known (It doesn't have dynamic exports). So it's known statically that the requested export doesn't exist. @ http://localhost:3000/_next/static/chunks/node_modules_next_dist_1gdrd03._.js:1945
[ 2087301ms] [LOG] [Fast Refresh] rebuilding @ http://localhost:3000/_next/static/chunks/node_modules_next_dist_1gdrd03._.js:1226
[ 2087526ms] [LOG] [Fast Refresh] done in 321ms @ http://localhost:3000/_next/static/chunks/node_modules_next_dist_1gdrd03._.js:1226
[ 2087739ms] [LOG] [Fast Refresh] rebuilding @ http://localhost:3000/_next/static/chunks/node_modules_next_dist_1gdrd03._.js:1226
[ 2088042ms] [LOG] [Fast Refresh] done in 411ms @ http://localhost:3000/_next/static/chunks/node_modules_next_dist_1gdrd03._.js:1226
[ 2088178ms] [INFO] %cDownload the React DevTools for a better development experience: https://react.dev/link/react-devtools font-weight:bold @ http://localhost:3000/_next/static/chunks/node_modules_next_dist_1ybzpk2._.js:2477
[ 2088204ms] [LOG] [HMR] connected @ http://localhost:3000/_next/static/chunks/node_modules_next_dist_1ybzpk2._.js:2477
[ 2088243ms] [WARNING] Clerk: Clerk has been loaded with development keys. Development instances have strict usage limits and should not be used when deploying your application to production. Learn more: https://clerk.com/docs/deployments/overview @ http://localhost:3000/_next/static/chunks/node_modules_next_dist_1ybzpk2._.js:2477
[ 2088306ms] [WARNING] Image with src "http://localhost:3000/logo.svg" has either width or height modified, but not the other. If you use CSS to change the size of your image, also include the styles 'width: "auto"' or 'height: "auto"' to maintain the aspect ratio. @ http://localhost:3000/_next/static/chunks/node_modules_next_dist_1ybzpk2._.js:2477
[ 2088342ms] [LOG] %c[Vercel Web Analytics]%c Debug mode is enabled by default in development. No requests will be sent to the server. color: rgb(120, 120, 120) color: inherit @ http://localhost:3000/_next/static/chunks/node_modules_next_dist_1ybzpk2._.js:2477
[ 2088342ms] [LOG] %c[Vercel Web Analytics]%c Running queued event color: rgb(120, 120, 120) color: inherit pageview {route: /, path: /} @ http://localhost:3000/_next/static/chunks/node_modules_next_dist_1ybzpk2._.js:2477
[ 2088342ms] [LOG] %c[Vercel Web Analytics]%c [view] http://localhost:3000/ color: rgb(120, 120, 120) color: inherit {o: http://localhost:3000/, sv: 0.1.3, sdkn: @vercel/analytics/next, sdkv: 2.0.1, ts: 1784951696058} /_vercel/insights/view @ http://localhost:3000/_next/static/chunks/node_modules_next_dist_1ybzpk2._.js:2477
[ 2088342ms] [LOG] %c[Vercel Speed Insights]%c Debug mode is enabled by default in development. No requests will be sent to the server. color: rgb(120, 120, 120) color: inherit @ http://localhost:3000/_next/static/chunks/node_modules_next_dist_1ybzpk2._.js:2477
[ 2091580ms] [WARNING] The resource https://enjoyed-mudfish-95.clerk.accounts.dev/npm/@clerk/ui@1/dist/ui.browser.js was preloaded using link preload but not used within a few seconds from the window's load event. Please make sure it has an appropriate `as` value and it is preloaded intentionally. @ http://localhost:3000/:0
[ 2106365ms] [LOG] [Fast Refresh] rebuilding @ http://localhost:3000/_next/static/chunks/node_modules_next_dist_1ybzpk2._.js:2477
[ 2107334ms] [WARNING] [HMR] Invalid message: {"isTrusted":true}
TypeError: Cannot convert undefined or null to object
    at Object.keys (<anonymous>)
    at extractModulesFromTurbopackMessage (http://localhost:3000/_next/static/chunks/node_modules_next_dist_client_0r5nbpw._.js:13754:39)
    at TurbopackHmr.onTurbopackMessage (http://localhost:3000/_next/static/chunks/node_modules_next_dist_client_0r5nbpw._.js:13701:32)
    at processMessage (http://localhost:3000/_next/static/chunks/node_modules_next_dist_client_0r5nbpw._.js:14059:30)
    at WebSocket.handleMessage (http://localhost:3000/_next/static/chunks/node_modules_next_dist_client_0r5nbpw._.js:13458:52) @ http://localhost:3000/_next/static/chunks/node_modules_next_dist_1ybzpk2._.js:2477
[ 2107335ms] [LOG] [Fast Refresh] done in 1074ms @ http://localhost:3000/_next/static/chunks/node_modules_next_dist_1ybzpk2._.js:2477
[ 2107529ms] [LOG] [Fast Refresh] rebuilding @ http://localhost:3000/_next/static/chunks/node_modules_next_dist_1ybzpk2._.js:2477
[ 2107582ms] [LOG] [Fast Refresh] done in 155ms @ http://localhost:3000/_next/static/chunks/node_modules_next_dist_1ybzpk2._.js:2477
[ 2107729ms] [LOG] [Fast Refresh] rebuilding @ http://localhost:3000/_next/static/chunks/node_modules_next_dist_1ybzpk2._.js:2477
[ 2107763ms] [LOG] [Fast Refresh] done in 142ms @ http://localhost:3000/_next/static/chunks/node_modules_next_dist_1ybzpk2._.js:2477
[ 2111240ms] [WARNING] The resource https://enjoyed-mudfish-95.clerk.accounts.dev/npm/@clerk/ui@1/dist/ui.browser.js was preloaded using link preload but not used within a few seconds from the window's load event. Please make sure it has an appropriate `as` value and it is preloaded intentionally. @ http://localhost:3000/:0
[ 2112346ms] [LOG] [Fast Refresh] rebuilding @ http://localhost:3000/_next/static/chunks/node_modules_next_dist_1ybzpk2._.js:2477
[ 2112423ms] [LOG] [Fast Refresh] done in 178ms @ http://localhost:3000/_next/static/chunks/node_modules_next_dist_1ybzpk2._.js:2477
[ 2172276ms] [LOG] [Fast Refresh] rebuilding @ http://localhost:3000/_next/static/chunks/node_modules_next_dist_1ybzpk2._.js:2477
[ 2172339ms] [LOG] [Fast Refresh] done in 176ms @ http://localhost:3000/_next/static/chunks/node_modules_next_dist_1ybzpk2._.js:2477
[ 2233550ms] [LOG] [Fast Refresh] rebuilding @ http://localhost:3000/_next/static/chunks/node_modules_next_dist_1ybzpk2._.js:2477
[ 2234130ms] [LOG] [Fast Refresh] done in 686ms @ http://localhost:3000/_next/static/chunks/node_modules_next_dist_1ybzpk2._.js:2477
[ 2234247ms] [LOG] [Fast Refresh] rebuilding @ http://localhost:3000/_next/static/chunks/node_modules_next_dist_1ybzpk2._.js:2477
[ 2234489ms] [LOG] [Fast Refresh] done in 350ms @ http://localhost:3000/_next/static/chunks/node_modules_next_dist_1ybzpk2._.js:2477
[ 2237561ms] [LOG] [Fast Refresh] rebuilding @ http://localhost:3000/_next/static/chunks/node_modules_next_dist_1ybzpk2._.js:2477
[ 2237680ms] [LOG] [Fast Refresh] done in 223ms @ http://localhost:3000/_next/static/chunks/node_modules_next_dist_1ybzpk2._.js:2477
[ 2237829ms] [WARNING] The resource https://enjoyed-mudfish-95.clerk.accounts.dev/npm/@clerk/ui@1/dist/ui.browser.js was preloaded using link preload but not used within a few seconds from the window's load event. Please make sure it has an appropriate `as` value and it is preloaded intentionally. @ http://localhost:3000/:0
