[     344ms] [INFO] %cDownload the React DevTools for a better development experience: https://react.dev/link/react-devtools font-weight:bold @ http://localhost:3000/_next/static/chunks/node_modules_next_dist_1ybzpk2._.js:2477
[     408ms] [LOG] [HMR] connected @ http://localhost:3000/_next/static/chunks/node_modules_next_dist_1ybzpk2._.js:2477
[     485ms] [WARNING] Image with src "http://localhost:3000/logo.svg" has either width or height modified, but not the other. If you use CSS to change the size of your image, also include the styles 'width: "auto"' or 'height: "auto"' to maintain the aspect ratio. @ http://localhost:3000/_next/static/chunks/node_modules_next_dist_1ybzpk2._.js:2477
[     510ms] [LOG] %c[Vercel Web Analytics]%c Debug mode is enabled by default in development. No requests will be sent to the server. color: rgb(120, 120, 120) color: inherit @ http://localhost:3000/_next/static/chunks/node_modules_next_dist_1ybzpk2._.js:2477
[     510ms] [LOG] %c[Vercel Web Analytics]%c Running queued event color: rgb(120, 120, 120) color: inherit pageview {route: /, path: /} @ http://localhost:3000/_next/static/chunks/node_modules_next_dist_1ybzpk2._.js:2477
[     511ms] [LOG] %c[Vercel Web Analytics]%c [view] http://localhost:3000/ color: rgb(120, 120, 120) color: inherit {o: http://localhost:3000/, sv: 0.1.3, sdkn: @vercel/analytics/next, sdkv: 2.0.1, ts: 1784945917161} /_vercel/insights/view @ http://localhost:3000/_next/static/chunks/node_modules_next_dist_1ybzpk2._.js:2477
[     526ms] [LOG] %c[Vercel Speed Insights]%c Debug mode is enabled by default in development. No requests will be sent to the server. color: rgb(120, 120, 120) color: inherit @ http://localhost:3000/_next/static/chunks/node_modules_next_dist_1ybzpk2._.js:2477
[     936ms] [WARNING] Clerk: Clerk has been loaded with development keys. Development instances have strict usage limits and should not be used when deploying your application to production. Learn more: https://clerk.com/docs/deployments/overview @ http://localhost:3000/_next/static/chunks/node_modules_next_dist_1ybzpk2._.js:2477
[    4571ms] [WARNING] The resource https://enjoyed-mudfish-95.clerk.accounts.dev/npm/@clerk/ui@1/dist/ui.browser.js was preloaded using link preload but not used within a few seconds from the window's load event. Please make sure it has an appropriate `as` value and it is preloaded intentionally. @ http://localhost:3000/:0
[    9120ms] [WARNING] The resource https://enjoyed-mudfish-95.clerk.accounts.dev/npm/@clerk/ui@1/dist/ui.browser.js was preloaded using link preload but not used within a few seconds from the window's load event. Please make sure it has an appropriate `as` value and it is preloaded intentionally. @ http://localhost:3000/:0
[  143759ms] [WARNING] The resource https://enjoyed-mudfish-95.clerk.accounts.dev/npm/@clerk/ui@1/dist/ui.browser.js was preloaded using link preload but not used within a few seconds from the window's load event. Please make sure it has an appropriate `as` value and it is preloaded intentionally. @ http://localhost:3000/:0
[  310045ms] [LOG] [Fast Refresh] rebuilding @ http://localhost:3000/_next/static/chunks/node_modules_next_dist_1ybzpk2._.js:2477
[  311875ms] [LOG] [Fast Refresh] done in 1924ms @ http://localhost:3000/_next/static/chunks/node_modules_next_dist_1ybzpk2._.js:2477
[  312108ms] [LOG] [Fast Refresh] rebuilding @ http://localhost:3000/_next/static/chunks/node_modules_next_dist_1ybzpk2._.js:2477
[  312256ms] [LOG] [Fast Refresh] done in 258ms @ http://localhost:3000/_next/static/chunks/node_modules_next_dist_1ybzpk2._.js:2477
[  312430ms] [LOG] [Fast Refresh] rebuilding @ http://localhost:3000/_next/static/chunks/node_modules_next_dist_1ybzpk2._.js:2477
[  312453ms] [LOG] [Fast Refresh] done in 125ms @ http://localhost:3000/_next/static/chunks/node_modules_next_dist_1ybzpk2._.js:2477
[  315789ms] [WARNING] The resource https://enjoyed-mudfish-95.clerk.accounts.dev/npm/@clerk/ui@1/dist/ui.browser.js was preloaded using link preload but not used within a few seconds from the window's load event. Please make sure it has an appropriate `as` value and it is preloaded intentionally. @ http://localhost:3000/:0
[  582025ms] [LOG] [Fast Refresh] rebuilding @ http://localhost:3000/_next/static/chunks/node_modules_next_dist_1ybzpk2._.js:2477
[  582105ms] [LOG] [Fast Refresh] done in 192ms @ http://localhost:3000/_next/static/chunks/node_modules_next_dist_1ybzpk2._.js:2477
[  591098ms] [LOG] [Fast Refresh] rebuilding @ http://localhost:3000/_next/static/chunks/node_modules_next_dist_1ybzpk2._.js:2477
[  591395ms] [ERROR] ./app/_components/LandingFooter/LandingFooter.tsx:6:1
Export links doesn't exist in target module
  4 | import { Input } from "@/components/ui/input";
  5 | import { Button } from "@/components/ui/button";
> 6 | import { links, ease } from "./consts";
    | ^^^^^^^^^^^^^^^^^^^^^^^^^^^^^^^^^^^^^^
  7 |
  8 | export function LandingFooter() {
  9 |   const shouldReduce = useReducedMotion();

The export links was not found in module [project]/app/_components/LandingFooter/consts.ts [app-client] (ecmascript).
Did you mean to import ease?
All exports of the module are statically known (It doesn't have dynamic exports). So it's known statically that the requested export doesn't exist.

Import trace:
  Server Component:
    ./app/_components/LandingFooter/LandingFooter.tsx
    ./app/page.tsx @ http://localhost:3000/_next/static/chunks/node_modules_next_dist_1ybzpk2._.js:3318
[  591395ms] [ERROR] ./app/_components/LandingFooter/LandingFooter.tsx:6:1
Export links doesn't exist in target module
  4 | import { Input } from "@/components/ui/input";
  5 | import { Button } from "@/components/ui/button";
> 6 | import { links, ease } from "./consts";
    | ^^^^^^^^^^^^^^^^^^^^^^^^^^^^^^^^^^^^^^
  7 |
  8 | export function LandingFooter() {
  9 |   const shouldReduce = useReducedMotion();

The export links was not found in module [project]/app/_components/LandingFooter/consts.ts [app-ssr] (ecmascript).
Did you mean to import ease?
All exports of the module are statically known (It doesn't have dynamic exports). So it's known statically that the requested export doesn't exist.

Import trace:
  Server Component:
    ./app/_components/LandingFooter/LandingFooter.tsx
    ./app/page.tsx @ http://localhost:3000/_next/static/chunks/node_modules_next_dist_1ybzpk2._.js:3318
[  591591ms] [ERROR] ./app/_components/LandingFooter/LandingFooter.tsx:6:1
Export links doesn't exist in target module
  4 | import { Input } from "@/components/ui/input";
  5 | import { Button } from "@/components/ui/button";
> 6 | import { links, ease } from "./consts";
    | ^^^^^^^^^^^^^^^^^^^^^^^^^^^^^^^^^^^^^^
  7 |
  8 | export function LandingFooter() {
  9 |   const shouldReduce = useReducedMotion();

The export links was not found in module [project]/app/_components/LandingFooter/consts.ts [app-client] (ecmascript).
Did you mean to import ease?
All exports of the module are statically known (It doesn't have dynamic exports). So it's known statically that the requested export doesn't exist.

Import trace:
  Server Component:
    ./app/_components/LandingFooter/LandingFooter.tsx
    ./app/page.tsx @ http://localhost:3000/_next/static/chunks/node_modules_next_dist_1ybzpk2._.js:3318
[  591591ms] [ERROR] ./app/_components/LandingFooter/LandingFooter.tsx:6:1
Export links doesn't exist in target module
  4 | import { Input } from "@/components/ui/input";
  5 | import { Button } from "@/components/ui/button";
> 6 | import { links, ease } from "./consts";
    | ^^^^^^^^^^^^^^^^^^^^^^^^^^^^^^^^^^^^^^
  7 |
  8 | export function LandingFooter() {
  9 |   const shouldReduce = useReducedMotion();

The export links was not found in module [project]/app/_components/LandingFooter/consts.ts [app-ssr] (ecmascript).
Did you mean to import ease?
All exports of the module are statically known (It doesn't have dynamic exports). So it's known statically that the requested export doesn't exist.

Import trace:
  Server Component:
    ./app/_components/LandingFooter/LandingFooter.tsx
    ./app/page.tsx @ http://localhost:3000/_next/static/chunks/node_modules_next_dist_1ybzpk2._.js:3318
[  591638ms] [ERROR] Failed to load resource: the server responded with a status of 500 (Internal Server Error) @ http://localhost:3000/?_rsc=q3mOO9BClNZHexY7:0
[  591646ms] [ERROR] ./app/_components/LandingFooter/LandingFooter.tsx:6:1
Export links doesn't exist in target module
  4 | import { Input } from "@/components/ui/input";
  5 | import { Button } from "@/components/ui/button";
> 6 | import { links, ease } from "./consts";
    | ^^^^^^^^^^^^^^^^^^^^^^^^^^^^^^^^^^^^^^
  7 |
  8 | export function LandingFooter() {
  9 |   const shouldReduce = useReducedMotion();

The export links was not found in module [project]/app/_components/LandingFooter/consts.ts [app-client] (ecmascript).
Did you mean to import ease?
All exports of the module are statically known (It doesn't have dynamic exports). So it's known statically that the requested export doesn't exist.

Import trace:
  Server Component:
    ./app/_components/LandingFooter/LandingFooter.tsx
    ./app/page.tsx @ http://localhost:3000/_next/static/chunks/node_modules_next_dist_1ybzpk2._.js:3318
[  591646ms] [ERROR] ./app/_components/LandingFooter/LandingFooter.tsx:6:1
Export links doesn't exist in target module
  4 | import { Input } from "@/components/ui/input";
  5 | import { Button } from "@/components/ui/button";
> 6 | import { links, ease } from "./consts";
    | ^^^^^^^^^^^^^^^^^^^^^^^^^^^^^^^^^^^^^^
  7 |
  8 | export function LandingFooter() {
  9 |   const shouldReduce = useReducedMotion();

The export links was not found in module [project]/app/_components/LandingFooter/consts.ts [app-ssr] (ecmascript).
Did you mean to import ease?
All exports of the module are statically known (It doesn't have dynamic exports). So it's known statically that the requested export doesn't exist.

Import trace:
  Server Component:
    ./app/_components/LandingFooter/LandingFooter.tsx
    ./app/page.tsx @ http://localhost:3000/_next/static/chunks/node_modules_next_dist_1ybzpk2._.js:3318
[  591723ms] [ERROR] Failed to load resource: the server responded with a status of 500 (Internal Server Error) @ http://localhost:3000/?_rsc=q3mOO9BClNZHexY7:0
[  591796ms] [ERROR] Failed to load resource: the server responded with a status of 500 (Internal Server Error) @ http://localhost:3000/:0
[  591908ms] [INFO] %cDownload the React DevTools for a better development experience: https://react.dev/link/react-devtools font-weight:bold @ http://localhost:3000/_next/static/chunks/node_modules_react-dom_0kla17-._.js:15305
[  591972ms] Error: ./app/_components/LandingFooter/LandingFooter.tsx:6:1
Export links doesn't exist in target module
  4 | import { Input } from "@/components/ui/input";
  5 | import { Button } from "@/components/ui/button";
> 6 | import { links, ease } from "./consts";
    | ^^^^^^^^^^^^^^^^^^^^^^^^^^^^^^^^^^^^^^
  7 |
  8 | export function LandingFooter() {
  9 |   const shouldReduce = useReducedMotion();

The export links was not found in module [project]/app/_components/LandingFooter/consts.ts [app-client] (ecmascript).
Did you mean to import ease?
All exports of the module are statically known (It doesn't have dynamic exports). So it's known statically that the requested export doesn't exist.

Import trace:
  Server Component:
    ./app/_components/LandingFooter/LandingFooter.tsx
    ./app/page.tsx


    at <unknown> (Error: ./app/_components/LandingFooter/LandingFooter.tsx:6:1)
    at Object.getCompilationErrors (file://C:\Users\Nico\Desktop\play-padel\node_modules\next\dist\server\dev\hot-reloader-turbopack.js:1186:59)
    at DevBundlerService.getCompilationError (file://C:\Users\Nico\Desktop\play-padel\node_modules\next\dist\server\lib\dev-bundler-service.js:44:55)
    at DevServer.getCompilationError (file://C:\Users\Nico\Desktop\play-padel\node_modules\next\dist\server\dev\next-dev-server.js:720:42)
    at DevServer.findPageComponents (file://C:\Users\Nico\Desktop\play-padel\node_modules\next\dist\server\dev\next-dev-server.js:690:43)
    at async DevServer.renderErrorToResponseImpl (file://C:\Users\Nico\Desktop\play-padel\node_modules\next\dist\server\base-server.js:1753:26)
[  591972ms] [LOG] [HMR] connected @ http://localhost:3000/_next/static/chunks/node_modules_next_dist_1gdrd03._.js:1226
[  591974ms] [ERROR] ./app/_components/LandingFooter/LandingFooter.tsx:6:1
Export links doesn't exist in target module
  4 | import { Input } from "@/components/ui/input";
  5 | import { Button } from "@/components/ui/button";
> 6 | import { links, ease } from "./consts";
    | ^^^^^^^^^^^^^^^^^^^^^^^^^^^^^^^^^^^^^^
  7 |
  8 | export function LandingFooter() {
  9 |   const shouldReduce = useReducedMotion();

The export links was not found in module [project]/app/_components/LandingFooter/consts.ts [app-client] (ecmascript).
Did you mean to import ease?
All exports of the module are statically known (It doesn't have dynamic exports). So it's known statically that the requested export doesn't exist.

Import trace:
  Server Component:
    ./app/_components/LandingFooter/LandingFooter.tsx
    ./app/page.tsx @ http://localhost:3000/_next/static/chunks/node_modules_next_dist_1gdrd03._.js:1945
[  591975ms] [ERROR] ./app/_components/LandingFooter/LandingFooter.tsx:6:1
Export links doesn't exist in target module
  4 | import { Input } from "@/components/ui/input";
  5 | import { Button } from "@/components/ui/button";
> 6 | import { links, ease } from "./consts";
    | ^^^^^^^^^^^^^^^^^^^^^^^^^^^^^^^^^^^^^^
  7 |
  8 | export function LandingFooter() {
  9 |   const shouldReduce = useReducedMotion();

The export links was not found in module [project]/app/_components/LandingFooter/consts.ts [app-ssr] (ecmascript).
Did you mean to import ease?
All exports of the module are statically known (It doesn't have dynamic exports). So it's known statically that the requested export doesn't exist.

Import trace:
  Server Component:
    ./app/_components/LandingFooter/LandingFooter.tsx
    ./app/page.tsx @ http://localhost:3000/_next/static/chunks/node_modules_next_dist_1gdrd03._.js:1945
[  592034ms] [ERROR] ./app/_components/LandingFooter/LandingFooter.tsx:6:1
Export links doesn't exist in target module
  4 | import { Input } from "@/components/ui/input";
  5 | import { Button } from "@/components/ui/button";
> 6 | import { links, ease } from "./consts";
    | ^^^^^^^^^^^^^^^^^^^^^^^^^^^^^^^^^^^^^^
  7 |
  8 | export function LandingFooter() {
  9 |   const shouldReduce = useReducedMotion();

The export links was not found in module [project]/app/_components/LandingFooter/consts.ts [app-client] (ecmascript).
Did you mean to import ease?
All exports of the module are statically known (It doesn't have dynamic exports). So it's known statically that the requested export doesn't exist.

Import trace:
  Server Component:
    ./app/_components/LandingFooter/LandingFooter.tsx
    ./app/page.tsx @ http://localhost:3000/_next/static/chunks/node_modules_next_dist_1gdrd03._.js:1945
[  592034ms] [ERROR] ./app/_components/LandingFooter/LandingFooter.tsx:6:1
Export links doesn't exist in target module
  4 | import { Input } from "@/components/ui/input";
  5 | import { Button } from "@/components/ui/button";
> 6 | import { links, ease } from "./consts";
    | ^^^^^^^^^^^^^^^^^^^^^^^^^^^^^^^^^^^^^^
  7 |
  8 | export function LandingFooter() {
  9 |   const shouldReduce = useReducedMotion();

The export links was not found in module [project]/app/_components/LandingFooter/consts.ts [app-ssr] (ecmascript).
Did you mean to import ease?
All exports of the module are statically known (It doesn't have dynamic exports). So it's known statically that the requested export doesn't exist.

Import trace:
  Server Component:
    ./app/_components/LandingFooter/LandingFooter.tsx
    ./app/page.tsx @ http://localhost:3000/_next/static/chunks/node_modules_next_dist_1gdrd03._.js:1945
[  592082ms] [LOG] [Fast Refresh] rebuilding @ http://localhost:3000/_next/static/chunks/node_modules_next_dist_1gdrd03._.js:1226
[  592336ms] [ERROR] ./app/_components/LandingFooter/LandingFooter.tsx:6:1
Export links doesn't exist in target module
  4 | import { Input } from "@/components/ui/input";
  5 | import { Button } from "@/components/ui/button";
> 6 | import { links, ease } from "./consts";
    | ^^^^^^^^^^^^^^^^^^^^^^^^^^^^^^^^^^^^^^
  7 |
  8 | export function LandingFooter() {
  9 |   const shouldReduce = useReducedMotion();

The export links was not found in module [project]/app/_components/LandingFooter/consts.ts [app-client] (ecmascript).
Did you mean to import ease?
All exports of the module are statically known (It doesn't have dynamic exports). So it's known statically that the requested export doesn't exist.

Import trace:
  Server Component:
    ./app/_components/LandingFooter/LandingFooter.tsx
    ./app/page.tsx @ http://localhost:3000/_next/static/chunks/node_modules_next_dist_1gdrd03._.js:1945
[  592336ms] [ERROR] ./app/_components/LandingFooter/LandingFooter.tsx:6:1
Export links doesn't exist in target module
  4 | import { Input } from "@/components/ui/input";
  5 | import { Button } from "@/components/ui/button";
> 6 | import { links, ease } from "./consts";
    | ^^^^^^^^^^^^^^^^^^^^^^^^^^^^^^^^^^^^^^
  7 |
  8 | export function LandingFooter() {
  9 |   const shouldReduce = useReducedMotion();

The export links was not found in module [project]/app/_components/LandingFooter/consts.ts [app-ssr] (ecmascript).
Did you mean to import ease?
All exports of the module are statically known (It doesn't have dynamic exports). So it's known statically that the requested export doesn't exist.

Import trace:
  Server Component:
    ./app/_components/LandingFooter/LandingFooter.tsx
    ./app/page.tsx @ http://localhost:3000/_next/static/chunks/node_modules_next_dist_1gdrd03._.js:1945
[  592396ms] [LOG] [Fast Refresh] rebuilding @ http://localhost:3000/_next/static/chunks/node_modules_next_dist_1gdrd03._.js:1226
[  604144ms] [LOG] [Fast Refresh] rebuilding @ http://localhost:3000/_next/static/chunks/node_modules_next_dist_1gdrd03._.js:1226
[  605213ms] [LOG] [Fast Refresh] done in 919ms @ http://localhost:3000/_next/static/chunks/node_modules_next_dist_1gdrd03._.js:1226
[  605342ms] [LOG] [Fast Refresh] rebuilding @ http://localhost:3000/_next/static/chunks/node_modules_next_dist_1gdrd03._.js:1226
[  605436ms] [LOG] [Fast Refresh] done in 196ms @ http://localhost:3000/_next/static/chunks/node_modules_next_dist_1gdrd03._.js:1226
[  605560ms] [LOG] [Fast Refresh] rebuilding @ http://localhost:3000/_next/static/chunks/node_modules_next_dist_1gdrd03._.js:1226
[  605685ms] [LOG] [Fast Refresh] done in 227ms @ http://localhost:3000/_next/static/chunks/node_modules_next_dist_1gdrd03._.js:1226
[  605827ms] [INFO] %cDownload the React DevTools for a better development experience: https://react.dev/link/react-devtools font-weight:bold @ http://localhost:3000/_next/static/chunks/node_modules_next_dist_1ybzpk2._.js:2477
[  605848ms] [LOG] [HMR] connected @ http://localhost:3000/_next/static/chunks/node_modules_next_dist_1ybzpk2._.js:2477
[  605894ms] [WARNING] Clerk: Clerk has been loaded with development keys. Development instances have strict usage limits and should not be used when deploying your application to production. Learn more: https://clerk.com/docs/deployments/overview @ http://localhost:3000/_next/static/chunks/node_modules_next_dist_1ybzpk2._.js:2477
[  605952ms] [WARNING] Image with src "http://localhost:3000/logo.svg" has either width or height modified, but not the other. If you use CSS to change the size of your image, also include the styles 'width: "auto"' or 'height: "auto"' to maintain the aspect ratio. @ http://localhost:3000/_next/static/chunks/node_modules_next_dist_1ybzpk2._.js:2477
[  605979ms] [LOG] %c[Vercel Web Analytics]%c Debug mode is enabled by default in development. No requests will be sent to the server. color: rgb(120, 120, 120) color: inherit @ http://localhost:3000/_next/static/chunks/node_modules_next_dist_1ybzpk2._.js:2477
[  605980ms] [LOG] %c[Vercel Web Analytics]%c Running queued event color: rgb(120, 120, 120) color: inherit pageview {route: /, path: /} @ http://localhost:3000/_next/static/chunks/node_modules_next_dist_1ybzpk2._.js:2477
[  605980ms] [LOG] %c[Vercel Web Analytics]%c [view] http://localhost:3000/ color: rgb(120, 120, 120) color: inherit {o: http://localhost:3000/, sv: 0.1.3, sdkn: @vercel/analytics/next, sdkv: 2.0.1, ts: 1784946522630} /_vercel/insights/view @ http://localhost:3000/_next/static/chunks/node_modules_next_dist_1ybzpk2._.js:2477
[  605980ms] [LOG] %c[Vercel Speed Insights]%c Debug mode is enabled by default in development. No requests will be sent to the server. color: rgb(120, 120, 120) color: inherit @ http://localhost:3000/_next/static/chunks/node_modules_next_dist_1ybzpk2._.js:2477
[  609235ms] [WARNING] The resource https://enjoyed-mudfish-95.clerk.accounts.dev/npm/@clerk/ui@1/dist/ui.browser.js was preloaded using link preload but not used within a few seconds from the window's load event. Please make sure it has an appropriate `as` value and it is preloaded intentionally. @ http://localhost:3000/:0
