[    4295ms] [LOG] %c Console Ninja extension is connected to Next.js browser, background: rgb(30,30,30); color: rgb(255,213,92) see https://tinyurl.com/2vt8jxzw for more info. @ :0
[    4299ms] [INFO] %cDownload the React DevTools for a better development experience: https://react.dev/link/react-devtools font-weight:bold @ http://localhost:3001/_next/static/chunks/node_modules_next_dist_1ybzpk2._.js:2495
[    4315ms] [LOG] [HMR] connected @ http://localhost:3001/_next/static/chunks/node_modules_next_dist_1ybzpk2._.js:2495
[    4549ms] [WARNING] Clerk: Clerk has been loaded with development keys. Development instances have strict usage limits and should not be used when deploying your application to production. Learn more: https://clerk.com/docs/deployments/overview @ http://localhost:3001/_next/static/chunks/node_modules_next_dist_1ybzpk2._.js:2495
[  560751ms] [LOG] [Fast Refresh] rebuilding @ http://localhost:3001/_next/static/chunks/node_modules_next_dist_1ybzpk2._.js:2495
[  560752ms] [LOG] [Fast Refresh] done in 104ms @ http://localhost:3001/_next/static/chunks/node_modules_next_dist_1ybzpk2._.js:2495
[  567912ms] [LOG] [Fast Refresh] rebuilding @ http://localhost:3001/_next/static/chunks/node_modules_next_dist_1ybzpk2._.js:2495
[  568025ms] [LOG] [Fast Refresh] done in 116ms @ http://localhost:3001/_next/static/chunks/node_modules_next_dist_1ybzpk2._.js:2495
[  568672ms] [LOG] [Fast Refresh] rebuilding @ http://localhost:3001/_next/static/chunks/node_modules_next_dist_1ybzpk2._.js:2495
[  568720ms] [LOG] [Fast Refresh] done in 150ms @ http://localhost:3001/_next/static/chunks/node_modules_next_dist_1ybzpk2._.js:2495
[  575109ms] [LOG] [Fast Refresh] rebuilding @ http://localhost:3001/_next/static/chunks/node_modules_next_dist_1ybzpk2._.js:2495
[  575192ms] [LOG] [Fast Refresh] done in 87ms @ http://localhost:3001/_next/static/chunks/node_modules_next_dist_1ybzpk2._.js:2495
[  575681ms] [LOG] [Fast Refresh] rebuilding @ http://localhost:3001/_next/static/chunks/node_modules_next_dist_1ybzpk2._.js:2495
[  575727ms] [LOG] [Fast Refresh] done in 152ms @ http://localhost:3001/_next/static/chunks/node_modules_next_dist_1ybzpk2._.js:2495
[  578441ms] [LOG] [Fast Refresh] rebuilding @ http://localhost:3001/_next/static/chunks/node_modules_next_dist_1ybzpk2._.js:2495
[  578545ms] [LOG] [Fast Refresh] done in 112ms @ http://localhost:3001/_next/static/chunks/node_modules_next_dist_1ybzpk2._.js:2495
[  578716ms] [LOG] [Fast Refresh] rebuilding @ http://localhost:3001/_next/static/chunks/node_modules_next_dist_1ybzpk2._.js:2495
[  578770ms] [LOG] [Fast Refresh] done in 157ms @ http://localhost:3001/_next/static/chunks/node_modules_next_dist_1ybzpk2._.js:2495
[  764085ms] [ERROR] WebSocket connection to 'ws://localhost:3001/_next/webpack-hmr?id=4dVx4-9UPcuYHqLEiirlD' failed: Error in connection establishment: net::ERR_CONNECTION_REFUSED @ http://localhost:3001/_next/static/chunks/node_modules_next_dist_client_0r5nbpw._.js:13422
[  767420ms] [ERROR] WebSocket connection to 'ws://localhost:3001/_next/webpack-hmr?id=4dVx4-9UPcuYHqLEiirlD' failed: Error in connection establishment: net::ERR_CONNECTION_REFUSED @ http://localhost:3001/_next/static/chunks/node_modules_next_dist_client_0r5nbpw._.js:13422
[  770754ms] [ERROR] WebSocket connection to 'ws://localhost:3001/_next/webpack-hmr?id=4dVx4-9UPcuYHqLEiirlD' failed: Error in connection establishment: net::ERR_CONNECTION_REFUSED @ http://localhost:3001/_next/static/chunks/node_modules_next_dist_client_0r5nbpw._.js:13422
[  774105ms] [ERROR] WebSocket connection to 'ws://localhost:3001/_next/webpack-hmr?id=4dVx4-9UPcuYHqLEiirlD' failed: Error in connection establishment: net::ERR_CONNECTION_REFUSED @ http://localhost:3001/_next/static/chunks/node_modules_next_dist_client_0r5nbpw._.js:13422
[  777458ms] [ERROR] WebSocket connection to 'ws://localhost:3001/_next/webpack-hmr?id=4dVx4-9UPcuYHqLEiirlD' failed: Error in connection establishment: net::ERR_CONNECTION_REFUSED @ http://localhost:3001/_next/static/chunks/node_modules_next_dist_client_0r5nbpw._.js:13422
[  784817ms] [ERROR] WebSocket connection to 'ws://localhost:3001/_next/webpack-hmr?id=4dVx4-9UPcuYHqLEiirlD' failed: Error in connection establishment: net::ERR_CONNECTION_REFUSED @ http://localhost:3001/_next/static/chunks/node_modules_next_dist_client_0r5nbpw._.js:13422
[  792146ms] [ERROR] WebSocket connection to 'ws://localhost:3001/_next/webpack-hmr?id=4dVx4-9UPcuYHqLEiirlD' failed: Error in connection establishment: net::ERR_CONNECTION_REFUSED @ http://localhost:3001/_next/static/chunks/node_modules_next_dist_client_0r5nbpw._.js:13422
[  799505ms] [ERROR] WebSocket connection to 'ws://localhost:3001/_next/webpack-hmr?id=4dVx4-9UPcuYHqLEiirlD' failed: Error in connection establishment: net::ERR_CONNECTION_REFUSED @ http://localhost:3001/_next/static/chunks/node_modules_next_dist_client_0r5nbpw._.js:13422
[  806875ms] [ERROR] WebSocket connection to 'ws://localhost:3001/_next/webpack-hmr?id=4dVx4-9UPcuYHqLEiirlD' failed: Error in connection establishment: net::ERR_CONNECTION_REFUSED @ http://localhost:3001/_next/static/chunks/node_modules_next_dist_client_0r5nbpw._.js:13422
[  814218ms] [ERROR] WebSocket connection to 'ws://localhost:3001/_next/webpack-hmr?id=4dVx4-9UPcuYHqLEiirlD' failed: Error in connection establishment: net::ERR_CONNECTION_REFUSED @ http://localhost:3001/_next/static/chunks/node_modules_next_dist_client_0r5nbpw._.js:13422
[  821604ms] [ERROR] WebSocket connection to 'ws://localhost:3001/_next/webpack-hmr?id=4dVx4-9UPcuYHqLEiirlD' failed: Error in connection establishment: net::ERR_CONNECTION_REFUSED @ http://localhost:3001/_next/static/chunks/node_modules_next_dist_client_0r5nbpw._.js:13422
[  828997ms] [ERROR] WebSocket connection to 'ws://localhost:3001/_next/webpack-hmr?id=4dVx4-9UPcuYHqLEiirlD' failed: Error in connection establishment: net::ERR_CONNECTION_REFUSED @ http://localhost:3001/_next/static/chunks/node_modules_next_dist_client_0r5nbpw._.js:13422
[ 1844814ms] [LOG] %c Console Ninja extension is connected to Next.js browser, background: rgb(30,30,30); color: rgb(255,213,92) see https://tinyurl.com/2vt8jxzw for more info. @ :0
[ 1844837ms] [INFO] %cDownload the React DevTools for a better development experience: https://react.dev/link/react-devtools font-weight:bold @ http://localhost:3001/_next/static/chunks/node_modules_next_dist_1ybzpk2._.js:2495
[ 1844906ms] [LOG] [HMR] connected @ http://localhost:3001/_next/static/chunks/node_modules_next_dist_1ybzpk2._.js:2495
[ 1845080ms] [WARNING] Clerk: Clerk has been loaded with development keys. Development instances have strict usage limits and should not be used when deploying your application to production. Learn more: https://clerk.com/docs/deployments/overview @ http://localhost:3001/_next/static/chunks/node_modules_next_dist_1ybzpk2._.js:2495
