[     396ms] [INFO] %cDownload the React DevTools for a better development experience: https://react.dev/link/react-devtools font-weight:bold @ http://localhost:3000/_next/static/chunks/node_modules_next_dist_1ybzpk2._.js:2477
[     427ms] [LOG] [HMR] connected @ http://localhost:3000/_next/static/chunks/node_modules_next_dist_1ybzpk2._.js:2477
[     521ms] [WARNING] Image with src "http://localhost:3000/logo.svg" has either width or height modified, but not the other. If you use CSS to change the size of your image, also include the styles 'width: "auto"' or 'height: "auto"' to maintain the aspect ratio. @ http://localhost:3000/_next/static/chunks/node_modules_next_dist_1ybzpk2._.js:2477
[     567ms] [LOG] %c[Vercel Web Analytics]%c Debug mode is enabled by default in development. No requests will be sent to the server. color: rgb(120, 120, 120) color: inherit @ http://localhost:3000/_next/static/chunks/node_modules_next_dist_1ybzpk2._.js:2477
[     568ms] [LOG] %c[Vercel Web Analytics]%c Running queued event color: rgb(120, 120, 120) color: inherit pageview {route: /, path: /} @ http://localhost:3000/_next/static/chunks/node_modules_next_dist_1ybzpk2._.js:2477
[     568ms] [LOG] %c[Vercel Web Analytics]%c [view] http://localhost:3000/ color: rgb(120, 120, 120) color: inherit {o: http://localhost:3000/, sv: 0.1.3, sdkn: @vercel/analytics/next, sdkv: 2.0.1, ts: 1784932541598} /_vercel/insights/view @ http://localhost:3000/_next/static/chunks/node_modules_next_dist_1ybzpk2._.js:2477
[     568ms] [LOG] %c[Vercel Speed Insights]%c Debug mode is enabled by default in development. No requests will be sent to the server. color: rgb(120, 120, 120) color: inherit @ http://localhost:3000/_next/static/chunks/node_modules_next_dist_1ybzpk2._.js:2477
[     871ms] [WARNING] Clerk: Clerk has been loaded with development keys. Development instances have strict usage limits and should not be used when deploying your application to production. Learn more: https://clerk.com/docs/deployments/overview @ http://localhost:3000/_next/static/chunks/node_modules_next_dist_1ybzpk2._.js:2477
[    4258ms] [WARNING] The resource https://enjoyed-mudfish-95.clerk.accounts.dev/npm/@clerk/ui@1/dist/ui.browser.js was preloaded using link preload but not used within a few seconds from the window's load event. Please make sure it has an appropriate `as` value and it is preloaded intentionally. @ http://localhost:3000/:0
[   10766ms] [WARNING] The resource https://enjoyed-mudfish-95.clerk.accounts.dev/npm/@clerk/ui@1/dist/ui.browser.js was preloaded using link preload but not used within a few seconds from the window's load event. Please make sure it has an appropriate `as` value and it is preloaded intentionally. @ http://localhost:3000/:0
[   31516ms] [WARNING] The resource https://enjoyed-mudfish-95.clerk.accounts.dev/npm/@clerk/ui@1/dist/ui.browser.js was preloaded using link preload but not used within a few seconds from the window's load event. Please make sure it has an appropriate `as` value and it is preloaded intentionally. @ http://localhost:3000/:0
[  109291ms] [LOG] [Fast Refresh] rebuilding @ http://localhost:3000/_next/static/chunks/node_modules_next_dist_1ybzpk2._.js:2477
[  110771ms] [LOG] [Fast Refresh] done in 1584ms @ http://localhost:3000/_next/static/chunks/node_modules_next_dist_1ybzpk2._.js:2477
[  110972ms] [LOG] [Fast Refresh] rebuilding @ http://localhost:3000/_next/static/chunks/node_modules_next_dist_1ybzpk2._.js:2477
[  111012ms] [LOG] [Fast Refresh] done in 146ms @ http://localhost:3000/_next/static/chunks/node_modules_next_dist_1ybzpk2._.js:2477
[  111907ms] [LOG] [Fast Refresh] rebuilding @ http://localhost:3000/_next/static/chunks/node_modules_next_dist_1ybzpk2._.js:2477
[  112003ms] [LOG] [Fast Refresh] done in 199ms @ http://localhost:3000/_next/static/chunks/node_modules_next_dist_1ybzpk2._.js:2477
[  112109ms] [LOG] [Fast Refresh] rebuilding @ http://localhost:3000/_next/static/chunks/node_modules_next_dist_1ybzpk2._.js:2477
[  112259ms] [LOG] [Fast Refresh] done in 252ms @ http://localhost:3000/_next/static/chunks/node_modules_next_dist_1ybzpk2._.js:2477
[  115585ms] [WARNING] The resource https://enjoyed-mudfish-95.clerk.accounts.dev/npm/@clerk/ui@1/dist/ui.browser.js was preloaded using link preload but not used within a few seconds from the window's load event. Please make sure it has an appropriate `as` value and it is preloaded intentionally. @ http://localhost:3000/:0
[  202819ms] [LOG] [Fast Refresh] rebuilding @ http://localhost:3000/_next/static/chunks/node_modules_next_dist_1ybzpk2._.js:2477
[  203278ms] [ERROR] ./app/_components/LandingHow/LandingHow.tsx:5:1
Export modules doesn't exist in target module
  3 | import { motion, useReducedMotion } from "framer-motion";
  4 | import { ArrowRight, Clock } from "lucide-react";
> 5 | import { modules, ease } from "./consts";
    | ^^^^^^^^^^^^^^^^^^^^^^^^^^^^^^^^^^^^^^^^
  6 |
  7 | export function LandingInnovation() {
  8 |   const shouldReduce = useReducedMotion();

The export modules was not found in module [project]/app/_components/LandingHow/consts.ts [app-client] (ecmascript).
Did you mean to import ease?
All exports of the module are statically known (It doesn't have dynamic exports). So it's known statically that the requested export doesn't exist.

Import trace:
  Server Component:
    ./app/_components/LandingHow/LandingHow.tsx
    ./app/page.tsx @ http://localhost:3000/_next/static/chunks/node_modules_next_dist_1ybzpk2._.js:3318
[  203278ms] [ERROR] ./app/_components/LandingHow/LandingHow.tsx:5:1
Export modules doesn't exist in target module
  3 | import { motion, useReducedMotion } from "framer-motion";
  4 | import { ArrowRight, Clock } from "lucide-react";
> 5 | import { modules, ease } from "./consts";
    | ^^^^^^^^^^^^^^^^^^^^^^^^^^^^^^^^^^^^^^^^
  6 |
  7 | export function LandingInnovation() {
  8 |   const shouldReduce = useReducedMotion();

The export modules was not found in module [project]/app/_components/LandingHow/consts.ts [app-ssr] (ecmascript).
Did you mean to import ease?
All exports of the module are statically known (It doesn't have dynamic exports). So it's known statically that the requested export doesn't exist.

Import trace:
  Server Component:
    ./app/_components/LandingHow/LandingHow.tsx
    ./app/page.tsx @ http://localhost:3000/_next/static/chunks/node_modules_next_dist_1ybzpk2._.js:3318
[  203489ms] [LOG] [Fast Refresh] rebuilding @ http://localhost:3000/_next/static/chunks/node_modules_next_dist_1ybzpk2._.js:2477
[  203540ms] [ERROR] ./app/_components/LandingHow/LandingHow.tsx:5:1
Export modules doesn't exist in target module
  3 | import { motion, useReducedMotion } from "framer-motion";
  4 | import { ArrowRight, Clock } from "lucide-react";
> 5 | import { modules, ease } from "./consts";
    | ^^^^^^^^^^^^^^^^^^^^^^^^^^^^^^^^^^^^^^^^
  6 |
  7 | export function LandingInnovation() {
  8 |   const shouldReduce = useReducedMotion();

The export modules was not found in module [project]/app/_components/LandingHow/consts.ts [app-client] (ecmascript).
Did you mean to import ease?
All exports of the module are statically known (It doesn't have dynamic exports). So it's known statically that the requested export doesn't exist.

Import trace:
  Server Component:
    ./app/_components/LandingHow/LandingHow.tsx
    ./app/page.tsx @ http://localhost:3000/_next/static/chunks/node_modules_next_dist_1ybzpk2._.js:3318
[  203540ms] [ERROR] ./app/_components/LandingHow/LandingHow.tsx:5:1
Export modules doesn't exist in target module
  3 | import { motion, useReducedMotion } from "framer-motion";
  4 | import { ArrowRight, Clock } from "lucide-react";
> 5 | import { modules, ease } from "./consts";
    | ^^^^^^^^^^^^^^^^^^^^^^^^^^^^^^^^^^^^^^^^
  6 |
  7 | export function LandingInnovation() {
  8 |   const shouldReduce = useReducedMotion();

The export modules was not found in module [project]/app/_components/LandingHow/consts.ts [app-ssr] (ecmascript).
Did you mean to import ease?
All exports of the module are statically known (It doesn't have dynamic exports). So it's known statically that the requested export doesn't exist.

Import trace:
  Server Component:
    ./app/_components/LandingHow/LandingHow.tsx
    ./app/page.tsx @ http://localhost:3000/_next/static/chunks/node_modules_next_dist_1ybzpk2._.js:3318
[  203612ms] [ERROR] ./app/_components/LandingHow/LandingHow.tsx:5:1
Export modules doesn't exist in target module
  3 | import { motion, useReducedMotion } from "framer-motion";
  4 | import { ArrowRight, Clock } from "lucide-react";
> 5 | import { modules, ease } from "./consts";
    | ^^^^^^^^^^^^^^^^^^^^^^^^^^^^^^^^^^^^^^^^
  6 |
  7 | export function LandingInnovation() {
  8 |   const shouldReduce = useReducedMotion();

The export modules was not found in module [project]/app/_components/LandingHow/consts.ts [app-client] (ecmascript).
Did you mean to import ease?
All exports of the module are statically known (It doesn't have dynamic exports). So it's known statically that the requested export doesn't exist.

Import trace:
  Server Component:
    ./app/_components/LandingHow/LandingHow.tsx
    ./app/page.tsx @ http://localhost:3000/_next/static/chunks/node_modules_next_dist_1ybzpk2._.js:3318
[  203613ms] [ERROR] ./app/_components/LandingHow/LandingHow.tsx:5:1
Export modules doesn't exist in target module
  3 | import { motion, useReducedMotion } from "framer-motion";
  4 | import { ArrowRight, Clock } from "lucide-react";
> 5 | import { modules, ease } from "./consts";
    | ^^^^^^^^^^^^^^^^^^^^^^^^^^^^^^^^^^^^^^^^
  6 |
  7 | export function LandingInnovation() {
  8 |   const shouldReduce = useReducedMotion();

The export modules was not found in module [project]/app/_components/LandingHow/consts.ts [app-ssr] (ecmascript).
Did you mean to import ease?
All exports of the module are statically known (It doesn't have dynamic exports). So it's known statically that the requested export doesn't exist.

Import trace:
  Server Component:
    ./app/_components/LandingHow/LandingHow.tsx
    ./app/page.tsx @ http://localhost:3000/_next/static/chunks/node_modules_next_dist_1ybzpk2._.js:3318
[  203613ms] [ERROR] Failed to load resource: the server responded with a status of 500 (Internal Server Error) @ http://localhost:3000/?_rsc=q3mOO9BClNZHexY7:0
[  203689ms] [ERROR] Failed to load resource: the server responded with a status of 500 (Internal Server Error) @ http://localhost:3000/?_rsc=q3mOO9BClNZHexY7:0
[  203743ms] [LOG] [Fast Refresh] rebuilding @ http://localhost:3000/_next/static/chunks/node_modules_next_dist_1ybzpk2._.js:2477
[  203798ms] [ERROR] ./app/_components/LandingHow/LandingHow.tsx:5:1
Export modules doesn't exist in target module
  3 | import { motion, useReducedMotion } from "framer-motion";
  4 | import { ArrowRight, Clock } from "lucide-react";
> 5 | import { modules, ease } from "./consts";
    | ^^^^^^^^^^^^^^^^^^^^^^^^^^^^^^^^^^^^^^^^
  6 |
  7 | export function LandingInnovation() {
  8 |   const shouldReduce = useReducedMotion();

The export modules was not found in module [project]/app/_components/LandingHow/consts.ts [app-client] (ecmascript).
Did you mean to import ease?
All exports of the module are statically known (It doesn't have dynamic exports). So it's known statically that the requested export doesn't exist.

Import trace:
  Server Component:
    ./app/_components/LandingHow/LandingHow.tsx
    ./app/page.tsx @ http://localhost:3000/_next/static/chunks/node_modules_next_dist_1ybzpk2._.js:3318
[  203799ms] [ERROR] ./app/_components/LandingHow/LandingHow.tsx:5:1
Export modules doesn't exist in target module
  3 | import { motion, useReducedMotion } from "framer-motion";
  4 | import { ArrowRight, Clock } from "lucide-react";
> 5 | import { modules, ease } from "./consts";
    | ^^^^^^^^^^^^^^^^^^^^^^^^^^^^^^^^^^^^^^^^
  6 |
  7 | export function LandingInnovation() {
  8 |   const shouldReduce = useReducedMotion();

The export modules was not found in module [project]/app/_components/LandingHow/consts.ts [app-ssr] (ecmascript).
Did you mean to import ease?
All exports of the module are statically known (It doesn't have dynamic exports). So it's known statically that the requested export doesn't exist.

Import trace:
  Server Component:
    ./app/_components/LandingHow/LandingHow.tsx
    ./app/page.tsx @ http://localhost:3000/_next/static/chunks/node_modules_next_dist_1ybzpk2._.js:3318
[  203808ms] [ERROR] Failed to load resource: the server responded with a status of 500 (Internal Server Error) @ http://localhost:3000/:0
[  203973ms] [INFO] %cDownload the React DevTools for a better development experience: https://react.dev/link/react-devtools font-weight:bold @ http://localhost:3000/_next/static/chunks/node_modules_react-dom_0kla17-._.js:15305
[  204027ms] Error: ./app/_components/LandingHow/LandingHow.tsx:5:1
Export modules doesn't exist in target module
  3 | import { motion, useReducedMotion } from "framer-motion";
  4 | import { ArrowRight, Clock } from "lucide-react";
> 5 | import { modules, ease } from "./consts";
    | ^^^^^^^^^^^^^^^^^^^^^^^^^^^^^^^^^^^^^^^^
  6 |
  7 | export function LandingInnovation() {
  8 |   const shouldReduce = useReducedMotion();

The export modules was not found in module [project]/app/_components/LandingHow/consts.ts [app-client] (ecmascript).
Did you mean to import ease?
All exports of the module are statically known (It doesn't have dynamic exports). So it's known statically that the requested export doesn't exist.

Import trace:
  Server Component:
    ./app/_components/LandingHow/LandingHow.tsx
    ./app/page.tsx


    at <unknown> (Error: ./app/_components/LandingHow/LandingHow.tsx:5:1)
    at Object.getCompilationErrors (file://C:\Users\Nico\Desktop\play-padel\node_modules\next\dist\server\dev\hot-reloader-turbopack.js:1186:59)
    at DevBundlerService.getCompilationError (file://C:\Users\Nico\Desktop\play-padel\node_modules\next\dist\server\lib\dev-bundler-service.js:44:55)
    at DevServer.getCompilationError (file://C:\Users\Nico\Desktop\play-padel\node_modules\next\dist\server\dev\next-dev-server.js:720:42)
    at DevServer.findPageComponents (file://C:\Users\Nico\Desktop\play-padel\node_modules\next\dist\server\dev\next-dev-server.js:690:43)
    at async DevServer.renderErrorToResponseImpl (file://C:\Users\Nico\Desktop\play-padel\node_modules\next\dist\server\base-server.js:1753:26)
[  204028ms] [LOG] [HMR] connected @ http://localhost:3000/_next/static/chunks/node_modules_next_dist_1gdrd03._.js:1226
[  204031ms] [ERROR] ./app/_components/LandingHow/LandingHow.tsx:5:1
Export modules doesn't exist in target module
  3 | import { motion, useReducedMotion } from "framer-motion";
  4 | import { ArrowRight, Clock } from "lucide-react";
> 5 | import { modules, ease } from "./consts";
    | ^^^^^^^^^^^^^^^^^^^^^^^^^^^^^^^^^^^^^^^^
  6 |
  7 | export function LandingInnovation() {
  8 |   const shouldReduce = useReducedMotion();

The export modules was not found in module [project]/app/_components/LandingHow/consts.ts [app-client] (ecmascript).
Did you mean to import ease?
All exports of the module are statically known (It doesn't have dynamic exports). So it's known statically that the requested export doesn't exist.

Import trace:
  Server Component:
    ./app/_components/LandingHow/LandingHow.tsx
    ./app/page.tsx @ http://localhost:3000/_next/static/chunks/node_modules_next_dist_1gdrd03._.js:1945
[  204032ms] [ERROR] ./app/_components/LandingHow/LandingHow.tsx:5:1
Export modules doesn't exist in target module
  3 | import { motion, useReducedMotion } from "framer-motion";
  4 | import { ArrowRight, Clock } from "lucide-react";
> 5 | import { modules, ease } from "./consts";
    | ^^^^^^^^^^^^^^^^^^^^^^^^^^^^^^^^^^^^^^^^
  6 |
  7 | export function LandingInnovation() {
  8 |   const shouldReduce = useReducedMotion();

The export modules was not found in module [project]/app/_components/LandingHow/consts.ts [app-ssr] (ecmascript).
Did you mean to import ease?
All exports of the module are statically known (It doesn't have dynamic exports). So it's known statically that the requested export doesn't exist.

Import trace:
  Server Component:
    ./app/_components/LandingHow/LandingHow.tsx
    ./app/page.tsx @ http://localhost:3000/_next/static/chunks/node_modules_next_dist_1gdrd03._.js:1945
[  204103ms] [ERROR] ./app/_components/LandingHow/LandingHow.tsx:5:1
Export modules doesn't exist in target module
  3 | import { motion, useReducedMotion } from "framer-motion";
  4 | import { ArrowRight, Clock } from "lucide-react";
> 5 | import { modules, ease } from "./consts";
    | ^^^^^^^^^^^^^^^^^^^^^^^^^^^^^^^^^^^^^^^^
  6 |
  7 | export function LandingInnovation() {
  8 |   const shouldReduce = useReducedMotion();

The export modules was not found in module [project]/app/_components/LandingHow/consts.ts [app-client] (ecmascript).
Did you mean to import ease?
All exports of the module are statically known (It doesn't have dynamic exports). So it's known statically that the requested export doesn't exist.

Import trace:
  Server Component:
    ./app/_components/LandingHow/LandingHow.tsx
    ./app/page.tsx @ http://localhost:3000/_next/static/chunks/node_modules_next_dist_1gdrd03._.js:1945
[  204103ms] [ERROR] ./app/_components/LandingHow/LandingHow.tsx:5:1
Export modules doesn't exist in target module
  3 | import { motion, useReducedMotion } from "framer-motion";
  4 | import { ArrowRight, Clock } from "lucide-react";
> 5 | import { modules, ease } from "./consts";
    | ^^^^^^^^^^^^^^^^^^^^^^^^^^^^^^^^^^^^^^^^
  6 |
  7 | export function LandingInnovation() {
  8 |   const shouldReduce = useReducedMotion();

The export modules was not found in module [project]/app/_components/LandingHow/consts.ts [app-ssr] (ecmascript).
Did you mean to import ease?
All exports of the module are statically known (It doesn't have dynamic exports). So it's known statically that the requested export doesn't exist.

Import trace:
  Server Component:
    ./app/_components/LandingHow/LandingHow.tsx
    ./app/page.tsx @ http://localhost:3000/_next/static/chunks/node_modules_next_dist_1gdrd03._.js:1945
[  204144ms] [LOG] [Fast Refresh] rebuilding @ http://localhost:3000/_next/static/chunks/node_modules_next_dist_1gdrd03._.js:1226
[  217545ms] [LOG] [Fast Refresh] rebuilding @ http://localhost:3000/_next/static/chunks/node_modules_next_dist_1gdrd03._.js:1226
[  218111ms] [WARNING] [Fast Refresh] performing full reload because your application had an unrecoverable error @ http://localhost:3000/_next/static/chunks/node_modules_next_dist_1gdrd03._.js:1226
[  218119ms] [LOG] [Fast Refresh] done in 680ms @ http://localhost:3000/_next/static/chunks/node_modules_next_dist_1gdrd03._.js:1226
[  218340ms] [LOG] [Fast Refresh] rebuilding @ http://localhost:3000/_next/static/chunks/node_modules_next_dist_1gdrd03._.js:1226
[  218496ms] [LOG] [Fast Refresh] done in 263ms @ http://localhost:3000/_next/static/chunks/node_modules_next_dist_1gdrd03._.js:1226
[  218931ms] [INFO] %cDownload the React DevTools for a better development experience: https://react.dev/link/react-devtools font-weight:bold @ http://localhost:3000/_next/static/chunks/node_modules_next_dist_1ybzpk2._.js:2477
[  218988ms] [LOG] [HMR] connected @ http://localhost:3000/_next/static/chunks/node_modules_next_dist_1ybzpk2._.js:2477
[  219032ms] [WARNING] Clerk: Clerk has been loaded with development keys. Development instances have strict usage limits and should not be used when deploying your application to production. Learn more: https://clerk.com/docs/deployments/overview @ http://localhost:3000/_next/static/chunks/node_modules_next_dist_1ybzpk2._.js:2477
[  219084ms] [WARNING] Image with src "http://localhost:3000/logo.svg" has either width or height modified, but not the other. If you use CSS to change the size of your image, also include the styles 'width: "auto"' or 'height: "auto"' to maintain the aspect ratio. @ http://localhost:3000/_next/static/chunks/node_modules_next_dist_1ybzpk2._.js:2477
[  219108ms] [LOG] %c[Vercel Web Analytics]%c Debug mode is enabled by default in development. No requests will be sent to the server. color: rgb(120, 120, 120) color: inherit @ http://localhost:3000/_next/static/chunks/node_modules_next_dist_1ybzpk2._.js:2477
[  219108ms] [LOG] %c[Vercel Web Analytics]%c Running queued event color: rgb(120, 120, 120) color: inherit pageview {route: /, path: /} @ http://localhost:3000/_next/static/chunks/node_modules_next_dist_1ybzpk2._.js:2477
[  219108ms] [LOG] %c[Vercel Web Analytics]%c [view] http://localhost:3000/ color: rgb(120, 120, 120) color: inherit {o: http://localhost:3000/, sv: 0.1.3, sdkn: @vercel/analytics/next, sdkv: 2.0.1, ts: 1784932760139} /_vercel/insights/view @ http://localhost:3000/_next/static/chunks/node_modules_next_dist_1ybzpk2._.js:2477
[  219109ms] [LOG] %c[Vercel Speed Insights]%c Debug mode is enabled by default in development. No requests will be sent to the server. color: rgb(120, 120, 120) color: inherit @ http://localhost:3000/_next/static/chunks/node_modules_next_dist_1ybzpk2._.js:2477
[  222347ms] [WARNING] The resource https://enjoyed-mudfish-95.clerk.accounts.dev/npm/@clerk/ui@1/dist/ui.browser.js was preloaded using link preload but not used within a few seconds from the window's load event. Please make sure it has an appropriate `as` value and it is preloaded intentionally. @ http://localhost:3000/:0
[  223155ms] [LOG] [Fast Refresh] rebuilding @ http://localhost:3000/_next/static/chunks/node_modules_next_dist_1ybzpk2._.js:2477
[  223349ms] [LOG] [Fast Refresh] done in 307ms @ http://localhost:3000/_next/static/chunks/node_modules_next_dist_1ybzpk2._.js:2477
[  223571ms] [LOG] [Fast Refresh] rebuilding @ http://localhost:3000/_next/static/chunks/node_modules_next_dist_1ybzpk2._.js:2477
[  223809ms] [LOG] [Fast Refresh] done in 342ms @ http://localhost:3000/_next/static/chunks/node_modules_next_dist_1ybzpk2._.js:2477
[  227132ms] [WARNING] The resource https://enjoyed-mudfish-95.clerk.accounts.dev/npm/@clerk/ui@1/dist/ui.browser.js was preloaded using link preload but not used within a few seconds from the window's load event. Please make sure it has an appropriate `as` value and it is preloaded intentionally. @ http://localhost:3000/:0
